127.0.0.1 - - [14/May/2020:00:59:27 +0900] "GET / HTTP/1.1" 404 754
0:0:0:0:0:0:0:1 - - [14/May/2020:00:59:28 +0900] "GET / HTTP/1.1" 404 754
127.0.0.1 - - [14/May/2020:01:06:12 +0900] "GET / HTTP/1.1" 200 164
0:0:0:0:0:0:0:1 - - [14/May/2020:01:06:13 +0900] "GET / HTTP/1.1" 200 164
127.0.0.1 - - [14/May/2020:01:13:48 +0900] "GET / HTTP/1.1" 200 164
127.0.0.1 - - [14/May/2020:01:40:24 +0900] "GET / HTTP/1.1" 200 164
0:0:0:0:0:0:0:1 - - [14/May/2020:01:40:27 +0900] "GET / HTTP/1.1" 200 164
0:0:0:0:0:0:0:1 - - [14/May/2020:01:40:35 +0900] "GET /sample/ex01 HTTP/1.1" 404 780
0:0:0:0:0:0:0:1 - - [14/May/2020:01:41:07 +0900] "GET /sample/ex01?name=AAA&age=10 HTTP/1.1" 404 780
127.0.0.1 - - [14/May/2020:01:46:25 +0900] "GET / HTTP/1.1" 200 164
0:0:0:0:0:0:0:1 - - [14/May/2020:01:46:44 +0900] "GET /sample/ex02?name=AAB&age=20 HTTP/1.1" 404 780
127.0.0.1 - - [14/May/2020:01:47:41 +0900] "GET / HTTP/1.1" 200 164
0:0:0:0:0:0:0:1 - - [14/May/2020:01:47:44 +0900] "GET /sample/ex02?name=AAB&age=30 HTTP/1.1" 404 778
127.0.0.1 - - [14/May/2020:01:48:44 +0900] "GET / HTTP/1.1" 200 164
0:0:0:0:0:0:0:1 - - [14/May/2020:01:48:49 +0900] "GET /sample/ex02?name=AAB&age=30 HTTP/1.1" 404 778
127.0.0.1 - - [14/May/2020:01:49:29 +0900] "GET / HTTP/1.1" 200 164
0:0:0:0:0:0:0:1 - - [14/May/2020:01:49:35 +0900] "GET /sample/ex02?name=AAB&age=30 HTTP/1.1" 400 924
0:0:0:0:0:0:0:1 - - [14/May/2020:01:49:38 +0900] "GET /sample/ex02?name=AAB&age=30 HTTP/1.1" 400 924
0:0:0:0:0:0:0:1 - - [14/May/2020:01:49:50 +0900] "GET /sample/ex02?name11=AAB&age=30 HTTP/1.1" 404 778
127.0.0.1 - - [14/May/2020:01:50:16 +0900] "GET / HTTP/1.1" 200 164
0:0:0:0:0:0:0:1 - - [14/May/2020:01:50:20 +0900] "GET /sample/ex02?name11=AAB&age=30 HTTP/1.1" 404 778
127.0.0.1 - - [14/May/2020:01:53:22 +0900] "GET / HTTP/1.1" 200 164
0:0:0:0:0:0:0:1 - - [14/May/2020:01:55:18 +0900] "GET /sample/ex02List?ids=11&idx=222&ids=3333&ids=4444444 HTTP/1.1" 404 787
127.0.0.1 - - [14/May/2020:01:58:50 +0900] "GET / HTTP/1.1" 200 164
127.0.0.1 - - [14/May/2020:02:00:20 +0900] "GET / HTTP/1.1" 200 164
0:0:0:0:0:0:0:1 - - [14/May/2020:02:01:32 +0900] "GET null HTTP/1.1" 400 2125
0:0:0:0:0:0:0:1 - - [14/May/2020:02:03:56 +0900] "GET /sample/ex02Bean?list%5B0%5D.name=aaa&list%5B2%5D.name=bbb HTTP/1.1" 404 784
127.0.0.1 - - [14/May/2020:14:35:51 +0900] "GET / HTTP/1.1" 200 164
127.0.0.1 - - [14/May/2020:14:36:49 +0900] "GET / HTTP/1.1" 200 164
0:0:0:0:0:0:0:1 - - [14/May/2020:14:36:50 +0900] "GET / HTTP/1.1" 200 164
0:0:0:0:0:0:0:1 - - [14/May/2020:14:40:08 +0900] "GET /sample/ex03?title=test&dueDate=2018-01-01 HTTP/1.1" 404 780
0:0:0:0:0:0:0:1 - - [14/May/2020:14:40:49 +0900] "GET /sample/ex03?title=test&dueDate=20180101 HTTP/1.1" 400 843
127.0.0.1 - - [14/May/2020:14:41:05 +0900] "GET / HTTP/1.1" 200 164
0:0:0:0:0:0:0:1 - - [14/May/2020:14:41:11 +0900] "GET /sample/ex03?title=test&dueDate=20180101 HTTP/1.1" 400 843
0:0:0:0:0:0:0:1 - - [14/May/2020:14:41:22 +0900] "GET /sample/ex03?title=test&dueDate=2018-01-01 HTTP/1.1" 404 780
127.0.0.1 - - [14/May/2020:14:54:05 +0900] "GET / HTTP/1.1" 200 164
0:0:0:0:0:0:0:1 - - [14/May/2020:14:54:05 +0900] "GET / HTTP/1.1" 200 164
0:0:0:0:0:0:0:1 - - [14/May/2020:14:54:39 +0900] "GET /sample/ex03?title=test&dueDate=2018/05/14 HTTP/1.1" 400 843
127.0.0.1 - - [14/May/2020:14:55:24 +0900] "GET / HTTP/1.1" 200 164
0:0:0:0:0:0:0:1 - - [14/May/2020:14:55:31 +0900] "GET /sample/ex03?title=test&dueDate=2018/05/14 HTTP/1.1" 404 780
127.0.0.1 - - [14/May/2020:14:56:00 +0900] "GET / HTTP/1.1" 200 164
0:0:0:0:0:0:0:1 - - [14/May/2020:14:56:01 +0900] "GET /sample/ex03?title=test&dueDate=2018/05/14 HTTP/1.1" 400 843
0:0:0:0:0:0:0:1 - - [14/May/2020:14:56:09 +0900] "GET /sample/ex03?title=test&dueDate=2018-05-14 HTTP/1.1" 404 780
127.0.0.1 - - [14/May/2020:14:56:31 +0900] "GET / HTTP/1.1" 200 164
0:0:0:0:0:0:0:1 - - [14/May/2020:14:56:34 +0900] "GET /sample/ex03?title=test&dueDate=2018/05/14 HTTP/1.1" 404 780
127.0.0.1 - - [14/May/2020:15:40:28 +0900] "GET / HTTP/1.1" 200 164
0:0:0:0:0:0:0:1 - - [14/May/2020:15:40:28 +0900] "GET / HTTP/1.1" 200 164
0:0:0:0:0:0:0:1 - - [14/May/2020:15:40:55 +0900] "GET /sample/ex04?name=aaa&page=9 HTTP/1.1" 200 195
127.0.0.1 - - [14/May/2020:15:43:39 +0900] "GET / HTTP/1.1" 200 164
0:0:0:0:0:0:0:1 - - [14/May/2020:15:43:47 +0900] "GET /sample/ex04?name=aaa&page=9 HTTP/1.1" 200 196
0:0:0:0:0:0:0:1 - - [14/May/2020:16:48:58 +0900] "GET /sample/ex05 HTTP/1.1" 404 791
127.0.0.1 - - [14/May/2020:17:00:15 +0900] "GET / HTTP/1.1" 200 164
127.0.0.1 - - [14/May/2020:17:02:46 +0900] "GET / HTTP/1.1" 200 164
0:0:0:0:0:0:0:1 - - [14/May/2020:17:03:08 +0900] "GET /sample/ex06 HTTP/1.1" 200 34
0:0:0:0:0:0:0:1 - - [14/May/2020:17:03:15 +0900] "GET /sample/ex05 HTTP/1.1" 404 791
0:0:0:0:0:0:0:1 - - [14/May/2020:17:03:15 +0900] "GET /favicon.ico HTTP/1.1" 404 721
0:0:0:0:0:0:0:1 - - [14/May/2020:17:03:22 +0900] "GET /sample/ex06 HTTP/1.1" 200 34
0:0:0:0:0:0:0:1 - - [14/May/2020:17:03:27 +0900] "GET /sample/ex06 HTTP/1.1" 200 34
0:0:0:0:0:0:0:1 - - [14/May/2020:17:06:01 +0900] "GET /sample/ex05 HTTP/1.1" 404 791
0:0:0:0:0:0:0:1 - - [14/May/2020:17:09:55 +0900] "GET /sample/ex06 HTTP/1.1" 200 34
127.0.0.1 - - [14/May/2020:17:10:10 +0900] "GET / HTTP/1.1" 200 164
0:0:0:0:0:0:0:1 - - [14/May/2020:17:10:15 +0900] "GET /sample/ex06 HTTP/1.1" 200 33
0:0:0:0:0:0:0:1 - - [14/May/2020:17:10:19 +0900] "GET /sample/ex06 HTTP/1.1" 200 33
0:0:0:0:0:0:0:1 - - [14/May/2020:17:10:19 +0900] "GET /favicon.ico HTTP/1.1" 404 721
127.0.0.1 - - [14/May/2020:17:17:33 +0900] "GET / HTTP/1.1" 200 164
0:0:0:0:0:0:0:1 - - [14/May/2020:17:17:42 +0900] "GET /sample/ex07 HTTP/1.1" 200 20
0:0:0:0:0:0:0:1 - - [14/May/2020:17:19:01 +0900] "GET /sample/ex05 HTTP/1.1" 404 791
127.0.0.1 - - [14/May/2020:20:46:06 +0900] "GET / HTTP/1.1" 200 164
0:0:0:0:0:0:0:1 - - [14/May/2020:20:46:07 +0900] "GET / HTTP/1.1" 200 164
0:0:0:0:0:0:0:1 - - [14/May/2020:20:46:19 +0900] "GET /sample/exUpload HTTP/1.1" 200 548
0:0:0:0:0:0:0:1 - - [14/May/2020:20:46:29 +0900] "GET /sample/exUpload HTTP/1.1" 200 548
0:0:0:0:0:0:0:1 - - [14/May/2020:20:46:29 +0900] "GET /favicon.ico HTTP/1.1" 404 721
0:0:0:0:0:0:0:1 - - [14/May/2020:20:46:55 +0900] "POST /sample/exUploadPost HTTP/1.1" 404 721
127.0.0.1 - - [14/May/2020:20:51:19 +0900] "GET / HTTP/1.1" 200 164
0:0:0:0:0:0:0:1 - - [14/May/2020:20:51:31 +0900] "POST /sample/exUploadPost HTTP/1.1" 500 3352
0:0:0:0:0:0:0:1 - - [14/May/2020:20:51:41 +0900] "GET /sample/exUpload HTTP/1.1" 200 548
0:0:0:0:0:0:0:1 - - [14/May/2020:20:52:08 +0900] "POST /sample/exUploadPost HTTP/1.1" 500 3352
0:0:0:0:0:0:0:1 - - [14/May/2020:20:53:42 +0900] "GET /sample/exUpload HTTP/1.1" 200 548
0:0:0:0:0:0:0:1 - - [14/May/2020:21:02:27 +0900] "GET /sample/exUpload HTTP/1.1" 200 554
0:0:0:0:0:0:0:1 - - [14/May/2020:21:08:35 +0900] "GET /sample/exUpload HTTP/1.1" 200 568
0:0:0:0:0:0:0:1 - - [14/May/2020:21:08:43 +0900] "POST /sample/exUploadPost HTTP/1.1" 404 799
127.0.0.1 - - [14/May/2020:21:09:44 +0900] "GET / HTTP/1.1" 200 164
0:0:0:0:0:0:0:1 - - [14/May/2020:21:09:55 +0900] "GET /sample/exUpload HTTP/1.1" 200 568
0:0:0:0:0:0:0:1 - - [14/May/2020:21:09:56 +0900] "GET /sample/exUpload HTTP/1.1" 200 568
0:0:0:0:0:0:0:1 - - [14/May/2020:21:09:59 +0900] "POST /sample/exUploadPost HTTP/1.1" 404 799
127.0.0.1 - - [14/May/2020:21:10:57 +0900] "GET / HTTP/1.1" 200 164
0:0:0:0:0:0:0:1 - - [14/May/2020:21:11:02 +0900] "POST /sample/exUploadPost HTTP/1.1" 404 799
0:0:0:0:0:0:0:1 - - [14/May/2020:21:11:05 +0900] "GET /sample/exUpload HTTP/1.1" 200 568
0:0:0:0:0:0:0:1 - - [14/May/2020:21:11:11 +0900] "POST /sample/exUploadPost HTTP/1.1" 404 799
